// Jest Snapshot v1, https://goo.gl/fbAQLP

exports[`bootstraps alpinejs-ray imports for a bundler 1`] = `
Object {
  "Alpine": "AlpineClass",
  "AlpineRayPlugin": Object {
    "init": [Function],
    "initRunCount": 1,
  },
  "Ray": "RayClass",
  "axios": Object {
    "defaults": Object {
      "headers": Object {
        "common": Object {
          "X-Requested-With": "XMLHttpRequest",
        },
      },
    },
  },
  "ray": "rayHelper",
}
`;
